Archive member included to satisfy reference by file (symbol)

f:/stm32cubeide_1.6.1/stm32cubeide/plugins/com.st.stm32cube.ide.mcu.externaltools.gnu-tools-for-stm32.9-2020-q2-update.win32_1.5.0.202011040924/tools/bin/../lib/gcc/arm-none-eabi/9.3.1/../../../../arm-none-eabi/lib/thumb/v7e-m+fp/hard\libc_nano.a(lib_a-errno.o)
                              Core/Src/syscalls.o (__errno)
f:/stm32cubeide_1.6.1/stm32cubeide/plugins/com.st.stm32cube.ide.mcu.externaltools.gnu-tools-for-stm32.9-2020-q2-update.win32_1.5.0.202011040924/tools/bin/../lib/gcc/arm-none-eabi/9.3.1/../../../../arm-none-eabi/lib/thumb/v7e-m+fp/hard\libc_nano.a(lib_a-exit.o)
                              f:/stm32cubeide_1.6.1/stm32cubeide/plugins/com.st.stm32cube.ide.mcu.externaltools.gnu-tools-for-stm32.9-2020-q2-update.win32_1.5.0.202011040924/tools/bin/../lib/gcc/arm-none-eabi/9.3.1/../../../../arm-none-eabi/lib/thumb/v7e-m+fp/hard/crt0.o (exit)
f:/stm32cubeide_1.6.1/stm32cubeide/plugins/com.st.stm32cube.ide.mcu.externaltools.gnu-tools-for-stm32.9-2020-q2-update.win32_1.5.0.202011040924/tools/bin/../lib/gcc/arm-none-eabi/9.3.1/../../../../arm-none-eabi/lib/thumb/v7e-m+fp/hard\libc_nano.a(lib_a-impure.o)
                              f:/stm32cubeide_1.6.1/stm32cubeide/plugins/com.st.stm32cube.ide.mcu.externaltools.gnu-tools-for-stm32.9-2020-q2-update.win32_1.5.0.202011040924/tools/bin/../lib/gcc/arm-none-eabi/9.3.1/../../../../arm-none-eabi/lib/thumb/v7e-m+fp/hard\libc_nano.a(lib_a-exit.o) (_global_impure_ptr)
f:/stm32cubeide_1.6.1/stm32cubeide/plugins/com.st.stm32cube.ide.mcu.externaltools.gnu-tools-for-stm32.9-2020-q2-update.win32_1.5.0.202011040924/tools/bin/../lib/gcc/arm-none-eabi/9.3.1/../../../../arm-none-eabi/lib/thumb/v7e-m+fp/hard\libc_nano.a(lib_a-init.o)
                              f:/stm32cubeide_1.6.1/stm32cubeide/plugins/com.st.stm32cube.ide.mcu.externaltools.gnu-tools-for-stm32.9-2020-q2-update.win32_1.5.0.202011040924/tools/bin/../lib/gcc/arm-none-eabi/9.3.1/../../../../arm-none-eabi/lib/thumb/v7e-m+fp/hard/crt0.o (__libc_init_array)
f:/stm32cubeide_1.6.1/stm32cubeide/plugins/com.st.stm32cube.ide.mcu.externaltools.gnu-tools-for-stm32.9-2020-q2-update.win32_1.5.0.202011040924/tools/bin/../lib/gcc/arm-none-eabi/9.3.1/../../../../arm-none-eabi/lib/thumb/v7e-m+fp/hard\libc_nano.a(lib_a-memset.o)
                              f:/stm32cubeide_1.6.1/stm32cubeide/plugins/com.st.stm32cube.ide.mcu.externaltools.gnu-tools-for-stm32.9-2020-q2-update.win32_1.5.0.202011040924/tools/bin/../lib/gcc/arm-none-eabi/9.3.1/../../../../arm-none-eabi/lib/thumb/v7e-m+fp/hard/crt0.o (memset)
f:/stm32cubeide_1.6.1/stm32cubeide/plugins/com.st.stm32cube.ide.mcu.externaltools.gnu-tools-for-stm32.9-2020-q2-update.win32_1.5.0.202011040924/tools/bin/../lib/gcc/arm-none-eabi/9.3.1/../../../../arm-none-eabi/lib/thumb/v7e-m+fp/hard\libc_nano.a(lib_a-sprintf.o)
                              Core/Src/lcd.o (sprintf)
f:/stm32cubeide_1.6.1/stm32cubeide/plugins/com.st.stm32cube.ide.mcu.externaltools.gnu-tools-for-stm32.9-2020-q2-update.win32_1.5.0.202011040924/tools/bin/../lib/gcc/arm-none-eabi/9.3.1/../../../../arm-none-eabi/lib/thumb/v7e-m+fp/hard\libc_nano.a(lib_a-strlen.o)
                              Core/Src/lcd.o (strlen)
f:/stm32cubeide_1.6.1/stm32cubeide/plugins/com.st.stm32cube.ide.mcu.externaltools.gnu-tools-for-stm32.9-2020-q2-update.win32_1.5.0.202011040924/tools/bin/../lib/gcc/arm-none-eabi/9.3.1/../../../../arm-none-eabi/lib/thumb/v7e-m+fp/hard\libc_nano.a(lib_a-nano-svfprintf.o)
                              f:/stm32cubeide_1.6.1/stm32cubeide/plugins/com.st.stm32cube.ide.mcu.externaltools.gnu-tools-for-stm32.9-2020-q2-update.win32_1.5.0.202011040924/tools/bin/../lib/gcc/arm-none-eabi/9.3.1/../../../../arm-none-eabi/lib/thumb/v7e-m+fp/hard\libc_nano.a(lib_a-sprintf.o) (_svfprintf_r)
f:/stm32cubeide_1.6.1/stm32cubeide/plugins/com.st.stm32cube.ide.mcu.externaltools.gnu-tools-for-stm32.9-2020-q2-update.win32_1.5.0.202011040924/tools/bin/../lib/gcc/arm-none-eabi/9.3.1/../../../../arm-none-eabi/lib/thumb/v7e-m+fp/hard\libc_nano.a(lib_a-nano-vfprintf_i.o)
                              f:/stm32cubeide_1.6.1/stm32cubeide/plugins/com.st.stm32cube.ide.mcu.externaltools.gnu-tools-for-stm32.9-2020-q2-update.win32_1.5.0.202011040924/tools/bin/../lib/gcc/arm-none-eabi/9.3.1/../../../../arm-none-eabi/lib/thumb/v7e-m+fp/hard\libc_nano.a(lib_a-nano-svfprintf.o) (_printf_i)
f:/stm32cubeide_1.6.1/stm32cubeide/plugins/com.st.stm32cube.ide.mcu.externaltools.gnu-tools-for-stm32.9-2020-q2-update.win32_1.5.0.202011040924/tools/bin/../lib/gcc/arm-none-eabi/9.3.1/../../../../arm-none-eabi/lib/thumb/v7e-m+fp/hard\libc_nano.a(lib_a-memchr.o)
                              f:/stm32cubeide_1.6.1/stm32cubeide/plugins/com.st.stm32cube.ide.mcu.externaltools.gnu-tools-for-stm32.9-2020-q2-update.win32_1.5.0.202011040924/tools/bin/../lib/gcc/arm-none-eabi/9.3.1/../../../../arm-none-eabi/lib/thumb/v7e-m+fp/hard\libc_nano.a(lib_a-nano-svfprintf.o) (memchr)
[...]
Memory Configuration

Name             Origin             Length             Attributes
CCMRAM           0x0000000010000000 0x0000000000004000 xrw
RAM              0x0000000020000000 0x0000000000010000 xrw
FLASH            0x0000000008000000 0x0000000000080000 xr
*default*        0x0000000000000000 0xffffffffffffffff

Linker script and memory map

LOAD f:/stm32cubeide_1.6.1/stm32cubeide/plugins/com.st.stm32cube.ide.mcu.externaltools.gnu-tools-for-stm32.9-2020-q2-update.win32_1.5.0.202011040924/tools/bin/../lib/gcc/arm-none-eabi/9.3.1/thumb/v7e-m+fp/hard/crti.o
LOAD f:/stm32cubeide_1.6.1/stm32cubeide/plugins/com.st.stm32cube.ide.mcu.externaltools.gnu-tools-for-stm32.9-2020-q2-update.win32_1.5.0.202011040924/tools/bin/../lib/gcc/arm-none-eabi/9.3.1/thumb/v7e-m+fp/hard/crtbegin.o
LOAD f:/stm32cubeide_1.6.1/stm32cubeide/plugins/com.st.stm32cube.ide.mcu.externaltools.gnu-tools-for-stm32.9-2020-q2-update.win32_1.5.0.202011040924/tools/bin/../lib/gcc/arm-none-eabi/9.3.1/../../../../arm-none-eabi/lib/thumb/v7e-m+fp/hard/crt0.o
LOAD Core/Src/gpio.o
LOAD Core/Src/i2c.o
LOAD Core/Src/lcd.o
LOAD Core/Src/main.o
LOAD Core/Src/motor.o
LOAD Core/Src/spi.o
LOAD Core/Src/stm32f3xx_hal_msp.o
LOAD Core/Src/stm32f3xx_it.o
LOAD Core/Src/syscalls.o
LOAD Core/Src/sysmem.o
LOAD Core/Src/system_stm32f3xx.o
LOAD Core/Src/tim.o
LOAD Core/Src/usart.o
LOAD Core/Startup/startup_stm32f303retx.o
LOAD Drivers/STM32F3xx_HAL_Driver/Src/stm32f3xx_hal.o
LOAD Drivers/STM32F3xx_HAL_Driver/Src/stm32f3xx_hal_cortex.o
LOAD Drivers/STM32F3xx_HAL_Driver/Src/stm32f3xx_hal_dma.o
LOAD Drivers/STM32F3xx_HAL_Driver/Src/stm32f3xx_hal_exti.o
LOAD Drivers/STM32F3xx_HAL_Driver/Src/stm32f3xx_hal_flash.o
LOAD Drivers/STM32F3xx_HAL_Driver/Src/stm32f3xx_hal_flash_ex.o
LOAD Drivers/STM32F3xx_HAL_Driver/Src/stm32f3xx_hal_gpio.o
LOAD Drivers/STM32F3xx_HAL_Driver/Src/stm32f3xx_hal_i2c.o
LOAD Drivers/STM32F3xx_HAL_Driver/Src/stm32f3xx_hal_i2c_ex.o
LOAD Drivers/STM32F3xx_HAL_Driver/Src/stm32f3xx_hal_pwr.o
LOAD Drivers/STM32F3xx_HAL_Driver/Src/stm32f3xx_hal_pwr_ex.o
LOAD Drivers/STM32F3xx_HAL_Driver/Src/stm32f3xx_hal_rcc.o
LOAD Drivers/STM32F3xx_HAL_Driver/Src/stm32f3xx_hal_rcc_ex.o
LOAD Drivers/STM32F3xx_HAL_Driver/Src/stm32f3xx_hal_spi.o
LOAD Drivers/STM32F3xx_HAL_Driver/Src/stm32f3xx_hal_spi_ex.o
LOAD Drivers/STM32F3xx_HAL_Driver/Src/stm32f3xx_hal_tim.o
LOAD Drivers/STM32F3xx_HAL_Driver/Src/stm32f3xx_hal_tim_ex.o
LOAD Drivers/STM32F3xx_HAL_Driver/Src/stm32f3xx_hal_uart.o
LOAD Drivers/STM32F3xx_HAL_Driver/Src/stm32f3xx_hal_uart_ex.o
START GROUP
LOAD f:/stm32cubeide_1.6.1/stm32cubeide/plugins/com.st.stm32cube.ide.mcu.externaltools.gnu-tools-for-stm32.9-2020-q2-update.win32_1.5.0.202011040924/tools/bin/../lib/gcc/arm-none-eabi/9.3.1/../../../../arm-none-eabi/lib/thumb/v7e-m+fp/hard\libstdc++_nano.a
LOAD f:/stm32cubeide_1.6.1/stm32cubeide/plugins/com.st.stm32cube.ide.mcu.externaltools.gnu-tools-for-stm32.9-2020-q2-update.win32_1.5.0.202011040924/tools/bin/../lib/gcc/arm-none-eabi/9.3.1/../../../../arm-none-eabi/lib/thumb/v7e-m+fp/hard\libsupc++_nano.a
END GROUP
LOAD f:/stm32cubeide_1.6.1/stm32cubeide/plugins/com.st.stm32cube.ide.mcu.externaltools.gnu-tools-for-stm32.9-2020-q2-update.win32_1.5.0.202011040924/tools/bin/../lib/gcc/arm-none-eabi/9.3.1/../../../../arm-none-eabi/lib/thumb/v7e-m+fp/hard\libstdc++_nano.a
LOAD f:/stm32cubeide_1.6.1/stm32cubeide/plugins/com.st.stm32cube.ide.mcu.externaltools.gnu-tools-for-stm32.9-2020-q2-update.win32_1.5.0.202011040924/tools/bin/../lib/gcc/arm-none-eabi/9.3.1/../../../../arm-none-eabi/lib/thumb/v7e-m+fp/hard\libm.a
LOAD f:/stm32cubeide_1.6.1/stm32cubeide/plugins/com.st.stm32cube.ide.mcu.externaltools.gnu-tools-for-stm32.9-2020-q2-update.win32_1.5.0.202011040924/tools/bin/../lib/gcc/arm-none-eabi/9.3.1/../../../../arm-none-eabi/lib/thumb/v7e-m+fp/hard\libc_nano.a
START GROUP
LOAD f:/stm32cubeide_1.6.1/stm32cubeide/plugins/com.st.stm32cube.ide.mcu.externaltools.gnu-tools-for-stm32.9-2020-q2-update.win32_1.5.0.202011040924/tools/bin/../lib/gcc/arm-none-eabi/9.3.1/thumb/v7e-m+fp/hard\libgcc.a
LOAD f:/stm32cubeide_1.6.1/stm32cubeide/plugins/com.st.stm32cube.ide.mcu.externaltools.gnu-tools-for-stm32.9-2020-q2-update.win32_1.5.0.202011040924/tools/bin/../lib/gcc/arm-none-eabi/9.3.1/../../../../arm-none-eabi/lib/thumb/v7e-m+fp/hard\libc_nano.a
END GROUP
START GROUP
LOAD f:/stm32cubeide_1.6.1/stm32cubeide/plugins/com.st.stm32cube.ide.mcu.externaltools.gnu-tools-for-stm32.9-2020-q2-update.win32_1.5.0.202011040924/tools/bin/../lib/gcc/arm-none-eabi/9.3.1/thumb/v7e-m+fp/hard\libgcc.a
LOAD f:/stm32cubeide_1.6.1/stm32cubeide/plugins/com.st.stm32cube.ide.mcu.externaltools.gnu-tools-for-stm32.9-2020-q2-update.win32_1.5.0.202011040924/tools/bin/../lib/gcc/arm-none-eabi/9.3.1/../../../../arm-none-eabi/lib/thumb/v7e-m+fp/hard\libc_nano.a
LOAD f:/stm32cubeide_1.6.1/stm32cubeide/plugins/com.st.stm32cube.ide.mcu.externaltools.gnu-tools-for-stm32.9-2020-q2-update.win32_1.5.0.202011040924/tools/bin/../lib/gcc/arm-none-eabi/9.3.1/../../../../arm-none-eabi/lib/thumb/v7e-m+fp/hard\libnosys.a
END GROUP
START GROUP
LOAD f:/stm32cubeide_1.6.1/stm32cubeide/plugins/com.st.stm32cube.ide.mcu.externaltools.gnu-tools-for-stm32.9-2020-q2-update.win32_1.5.0.202011040924/tools/bin/../lib/gcc/arm-none-eabi/9.3.1/thumb/v7e-m+fp/hard\libgcc.a
LOAD f:/stm32cubeide_1.6.1/stm32cubeide/plugins/com.st.stm32cube.ide.mcu.externaltools.gnu-tools-for-stm32.9-2020-q2-update.win32_1.5.0.202011040924/tools/bin/../lib/gcc/arm-none-eabi/9.3.1/../../../../arm-none-eabi/lib/thumb/v7e-m+fp/hard\libc_nano.a
LOAD f:/stm32cubeide_1.6.1/stm32cubeide/plugins/com.st.stm32cube.ide.mcu.externaltools.gnu-tools-for-stm32.9-2020-q2-update.win32_1.5.0.202011040924/tools/bin/../lib/gcc/arm-none-eabi/9.3.1/../../../../arm-none-eabi/lib/thumb/v7e-m+fp/hard\libnosys.a
END GROUP
LOAD f:/stm32cubeide_1.6.1/stm32cubeide/plugins/com.st.stm32cube.ide.mcu.externaltools.gnu-tools-for-stm32.9-2020-q2-update.win32_1.5.0.202011040924/tools/bin/../lib/gcc/arm-none-eabi/9.3.1/thumb/v7e-m+fp/hard/crtend.o
LOAD f:/stm32cubeide_1.6.1/stm32cubeide/plugins/com.st.stm32cube.ide.mcu.externaltools.gnu-tools-for-stm32.9-2020-q2-update.win32_1.5.0.202011040924/tools/bin/../lib/gcc/arm-none-eabi/9.3.1/thumb/v7e-m+fp/hard/crtn.o
                0x0000000020010000                _estack = (ORIGIN (RAM) + LENGTH (RAM))
                0x0000000000000200                _Min_Heap_Size = 0x200
                0x0000000000000400                _Min_Stack_Size = 0x400

.isr_vector     0x0000000008000000      0x194
                0x0000000008000000                . = ALIGN (0x4)
 *(.isr_vector)
 .isr_vector    0x0000000008000000      0x194 Core/Startup/startup_stm32f303retx.o
                0x0000000008000000                g_pfnVectors
                0x0000000008000194                . = ALIGN (0x4)

.text           0x0000000008000194     0x42d0
                0x0000000008000194                . = ALIGN (0x4)
 *(.text)
 .text          0x0000000008000194       0x40 f:/stm32cubeide_1.6.1/stm32cubeide/plugins/com.st.stm32cube.ide.mcu.externaltools.gnu-tools-for-stm32.9-2020-q2-update.win32_1.5.0.202011040924/tools/bin/../lib/gcc/arm-none-eabi/9.3.1/thumb/v7e-m+fp/hard/crtbegin.o
 .text          0x00000000080001d4       0x10 f:/stm32cubeide_1.6.1/stm32cubeide/plugins/com.st.stm32cube.ide.mcu.externaltools.gnu-tools-for-stm32.9-2020-q2-update.win32_1.5.0.202011040924/tools/bin/../lib/gcc/arm-none-eabi/9.3.1/../../../../arm-none-eabi/lib/thumb/v7e-m+fp/hard\libc_nano.a(lib_a-strlen.o)
                0x00000000080001d4                strlen
 *(.text*)
 .text.MX_GPIO_Init
                0x00000000080001e4      0x108 Core/Src/gpio.o
                0x00000000080001e4                MX_GPIO_Init
 .text.MX_I2C1_Init
                0x00000000080002ec       0x80 Core/Src/i2c.o
                0x00000000080002ec                MX_I2C1_Init
 .text.HAL_I2C_MspInit
                0x000000000800036c       0x88 Core/Src/i2c.o
                0x000000000800036c                HAL_I2C_MspInit
 .text.Lcd_init
                0x00000000080003f4       0x52 Core/Src/lcd.o
                0x00000000080003f4                Lcd_init
 .text.Lcd_string
                0x0000000008000446       0x3e Core/Src/lcd.o
                0x0000000008000446                Lcd_string
 .text.Lcd_clear
                0x0000000008000484       0x18 Core/Src/lcd.o
                0x0000000008000484                Lcd_clear
 .text.lcd_write_command
                0x000000000800049c       0x5c Core/Src/lcd.o
 .text.lcd_write_data
                0x00000000080004f8       0x5c Core/Src/lcd.o
 .text.lcd_write
                0x0000000008000554       0x80 Core/Src/lcd.o
 .text.main     0x00000000080005d4       0xb0 Core/Src/main.o
                0x00000000080005d4                main
 .text.SystemClock_Config
                0x0000000008000684       0xb0 Core/Src/main.o
                0x0000000008000684                SystemClock_Config
 .text.HAL_TIM_PeriodElapsedCallback
                0x0000000008000734       0x34 Core/Src/main.o
                0x0000000008000734                HAL_TIM_PeriodElapsedCallback
 .text.Error_Handler
                0x0000000008000768        0xa Core/Src/main.o
                0x0000000008000768                Error_Handler
 .text.M0_ruch  0x0000000008000772       0x6c Core/Src/motor.o
                0x0000000008000772                M0_ruch
 *fill*         0x00000000080007de        0x2 
 .text.M1_ruch  0x00000000080007e0       0x6c Core/Src/motor.o
                0x00000000080007e0                M1_ruch
 .text.M2_ruch  0x000000000800084c       0x78 Core/Src/motor.o
                0x000000000800084c                M2_ruch
 .text.M3_ruch  0x00000000080008c4       0x6c Core/Src/motor.o
                0x00000000080008c4                M3_ruch
 .text.ruchPojazdu
                0x0000000008000930      0x16c Core/Src/motor.o
                0x0000000008000930                ruchPojazdu
 .text.MX_SPI1_Init
                0x0000000008000a9c       0x7c Core/Src/spi.o
                0x0000000008000a9c                MX_SPI1_Init
 .text.HAL_SPI_MspInit
                0x0000000008000b18       0x84 Core/Src/spi.o
                0x0000000008000b18                HAL_SPI_MspInit
 .text.HAL_MspInit
                0x0000000008000b9c       0x48 Core/Src/stm32f3xx_hal_msp.o
                0x0000000008000b9c                HAL_MspInit
 .text.NMI_Handler
                0x0000000008000be4        0x6 Core/Src/stm32f3xx_it.o
                0x0000000008000be4                NMI_Handler
 .text.HardFault_Handler
                0x0000000008000bea        0x6 Core/Src/stm32f3xx_it.o
                0x0000000008000bea                HardFault_Handler
 .text.MemManage_Handler
                0x0000000008000bf0        0x6 Core/Src/stm32f3xx_it.o
                0x0000000008000bf0                MemManage_Handler
 .text.BusFault_Handler
                0x0000000008000bf6        0x6 Core/Src/stm32f3xx_it.o
                0x0000000008000bf6                BusFault_Handler
 .text.UsageFault_Handler
                0x0000000008000bfc        0x6 Core/Src/stm32f3xx_it.o
                0x0000000008000bfc                UsageFault_Handler
 .text.SVC_Handler
                0x0000000008000c02        0xe Core/Src/stm32f3xx_it.o
                0x0000000008000c02                SVC_Handler
 .text.DebugMon_Handler
                0x0000000008000c10        0xe Core/Src/stm32f3xx_it.o
                0x0000000008000c10                DebugMon_Handler
 .text.PendSV_Handler
                0x0000000008000c1e        0xe Core/Src/stm32f3xx_it.o
                0x0000000008000c1e                PendSV_Handler
 .text.SysTick_Handler
                0x0000000008000c2c        0xc Core/Src/stm32f3xx_it.o
                0x0000000008000c2c                SysTick_Handler
 .text.TIM1_UP_TIM16_IRQHandler
                0x0000000008000c38       0x14 Core/Src/stm32f3xx_it.o
                0x0000000008000c38                TIM1_UP_TIM16_IRQHandler
 .text.USART2_IRQHandler
                0x0000000008000c4c       0x14 Core/Src/stm32f3xx_it.o
                0x0000000008000c4c                USART2_IRQHandler
 .text.SystemInit
                0x0000000008000c60       0x24 Core/Src/system_stm32f3xx.o
                0x0000000008000c60                SystemInit
 .text.MX_TIM16_Init
                0x0000000008000c84       0x4c Core/Src/tim.o
                0x0000000008000c84                MX_TIM16_Init
 .text.HAL_TIM_Base_MspInit
                0x0000000008000cd0       0x4c Core/Src/tim.o
                0x0000000008000cd0                HAL_TIM_Base_MspInit
 .text.MX_USART2_UART_Init
                0x0000000008000d1c       0x60 Core/Src/usart.o
                0x0000000008000d1c                MX_USART2_UART_Init
 .text.HAL_UART_MspInit
                0x0000000008000d7c       0x94 Core/Src/usart.o
                0x0000000008000d7c                HAL_UART_MspInit
 .text.Reset_Handler
                0x0000000008000e10       0x50 Core/Startup/startup_stm32f303retx.o
                0x0000000008000e10                Reset_Handler
 .text.Default_Handler
                0x0000000008000e60        0x2 Core/Startup/startup_stm32f303retx.o
                0x0000000008000e60                RTC_Alarm_IRQHandler
                0x0000000008000e60                TIM8_TRG_COM_IRQHandler
                0x0000000008000e60                TIM8_CC_IRQHandler
                0x0000000008000e60                SPI4_IRQHandler
                0x0000000008000e60                TIM1_CC_IRQHandler
                0x0000000008000e60                USB_HP_IRQHandler
                0x0000000008000e60                PVD_IRQHandler
                0x0000000008000e60                TAMP_STAMP_IRQHandler
                0x0000000008000e60                EXTI3_IRQHandler
                0x0000000008000e60                I2C3_ER_IRQHandler
                0x0000000008000e60                USB_HP_CAN_TX_IRQHandler
                0x0000000008000e60                EXTI0_IRQHandler
                0x0000000008000e60                I2C2_EV_IRQHandler
                0x0000000008000e60                FPU_IRQHandler
                0x0000000008000e60                ADC1_2_IRQHandler
                0x0000000008000e60                SPI1_IRQHandler
                0x0000000008000e60                CAN_SCE_IRQHandler
                0x0000000008000e60                TIM6_DAC_IRQHandler
                0x0000000008000e60                TIM8_UP_IRQHandler
                0x0000000008000e60                DMA2_Channel2_IRQHandler
                0x0000000008000e60                DMA1_Channel4_IRQHandler
                0x0000000008000e60                TIM20_TRG_COM_IRQHandler
                0x0000000008000e60                USART3_IRQHandler
                0x0000000008000e60                DMA1_Channel7_IRQHandler
                0x0000000008000e60                UART5_IRQHandler
                0x0000000008000e60                ADC3_IRQHandler
                0x0000000008000e60                TIM4_IRQHandler
                0x0000000008000e60                CAN_RX1_IRQHandler
                0x0000000008000e60                DMA2_Channel1_IRQHandler
                0x0000000008000e60                I2C1_EV_IRQHandler
                0x0000000008000e60                DMA1_Channel6_IRQHandler
                0x0000000008000e60                UART4_IRQHandler
                0x0000000008000e60                DMA2_Channel4_IRQHandler
                0x0000000008000e60                TIM3_IRQHandler
                0x0000000008000e60                RCC_IRQHandler
                0x0000000008000e60                TIM20_UP_IRQHandler
                0x0000000008000e60                DMA1_Channel1_IRQHandler
                0x0000000008000e60                Default_Handler
                0x0000000008000e60                USBWakeUp_RMP_IRQHandler
                0x0000000008000e60                EXTI15_10_IRQHandler
                0x0000000008000e60                TIM7_IRQHandler
                0x0000000008000e60                I2C3_EV_IRQHandler
                0x0000000008000e60                EXTI9_5_IRQHandler
                0x0000000008000e60                RTC_WKUP_IRQHandler
                0x0000000008000e60                SPI2_IRQHandler
                0x0000000008000e60                USB_LP_CAN_RX0_IRQHandler
                0x0000000008000e60                DMA2_Channel5_IRQHandler
                0x0000000008000e60                DMA1_Channel5_IRQHandler
                0x0000000008000e60                USB_LP_IRQHandler
                0x0000000008000e60                EXTI4_IRQHandler
                0x0000000008000e60                TIM1_TRG_COM_TIM17_IRQHandler
                0x0000000008000e60                DMA1_Channel3_IRQHandler
                0x0000000008000e60                ADC4_IRQHandler
                0x0000000008000e60                WWDG_IRQHandler
                0x0000000008000e60                TIM2_IRQHandler
                0x0000000008000e60                COMP7_IRQHandler
                0x0000000008000e60                COMP1_2_3_IRQHandler
                0x0000000008000e60                EXTI1_IRQHandler
                0x0000000008000e60                COMP4_5_6_IRQHandler
                0x0000000008000e60                TIM20_BRK_IRQHandler
                0x0000000008000e60                I2C2_ER_IRQHandler
                0x0000000008000e60                DMA1_Channel2_IRQHandler
                0x0000000008000e60                TIM8_BRK_IRQHandler
                0x0000000008000e60                FLASH_IRQHandler
                0x0000000008000e60                TIM20_CC_IRQHandler
                0x0000000008000e60                USART1_IRQHandler
                0x0000000008000e60                SPI3_IRQHandler
                0x0000000008000e60                I2C1_ER_IRQHandler
                0x0000000008000e60                FMC_IRQHandler
                0x0000000008000e60                USBWakeUp_IRQHandler
                0x0000000008000e60                DMA2_Channel3_IRQHandler
                0x0000000008000e60                EXTI2_TSC_IRQHandler
                0x0000000008000e60                TIM1_BRK_TIM15_IRQHandler
 *fill*         0x0000000008000e62        0x2 
 .text.HAL_Init
                0x0000000008000e64       0x2c Drivers/STM32F3xx_HAL_Driver/Src/stm32f3xx_hal.o
                0x0000000008000e64                HAL_Init
 .text.HAL_InitTick
                0x0000000008000e90       0x60 Drivers/STM32F3xx_HAL_Driver/Src/stm32f3xx_hal.o
                0x0000000008000e90                HAL_InitTick
 .text.HAL_IncTick
                0x0000000008000ef0       0x28 Drivers/STM32F3xx_HAL_Driver/Src/stm32f3xx_hal.o
                0x0000000008000ef0                HAL_IncTick
 .text.HAL_GetTick
                0x0000000008000f18       0x18 Drivers/STM32F3xx_HAL_Driver/Src/stm32f3xx_hal.o
                0x0000000008000f18                HAL_GetTick
 .text.HAL_Delay
                0x0000000008000f30       0x48 Drivers/STM32F3xx_HAL_Driver/Src/stm32f3xx_hal.o
                0x0000000008000f30                HAL_Delay
 .text.__NVIC_SetPriorityGrouping
                0x0000000008000f78       0x48 Drivers/STM32F3xx_HAL_Driver/Src/stm32f3xx_hal_cortex.o
 .text.__NVIC_GetPriorityGrouping
                0x0000000008000fc0       0x1c Drivers/STM32F3xx_HAL_Driver/Src/stm32f3xx_hal_cortex.o
 .text.__NVIC_EnableIRQ
                0x0000000008000fdc       0x3c Drivers/STM32F3xx_HAL_Driver/Src/stm32f3xx_hal_cortex.o
 .text.__NVIC_SetPriority
                0x0000000008001018       0x54 Drivers/STM32F3xx_HAL_Driver/Src/stm32f3xx_hal_cortex.o
 .text.NVIC_EncodePriority
                0x000000000800106c       0x66 Drivers/STM32F3xx_HAL_Driver/Src/stm32f3xx_hal_cortex.o
 *fill*         0x00000000080010d2        0x2 
 .text.SysTick_Config
                0x00000000080010d4       0x44 Drivers/STM32F3xx_HAL_Driver/Src/stm32f3xx_hal_cortex.o
 .text.HAL_NVIC_SetPriorityGrouping
                0x0000000008001118       0x16 Drivers/STM32F3xx_HAL_Driver/Src/stm32f3xx_hal_cortex.o
                0x0000000008001118                HAL_NVIC_SetPriorityGrouping
 .text.HAL_NVIC_SetPriority
                0x000000000800112e       0x38 Drivers/STM32F3xx_HAL_Driver/Src/stm32f3xx_hal_cortex.o
                0x000000000800112e                HAL_NVIC_SetPriority
 .text.HAL_NVIC_EnableIRQ
                0x0000000008001166       0x1c Drivers/STM32F3xx_HAL_Driver/Src/stm32f3xx_hal_cortex.o
                0x0000000008001166                HAL_NVIC_EnableIRQ
 .text.HAL_SYSTICK_Config
                0x0000000008001182       0x18 Drivers/STM32F3xx_HAL_Driver/Src/stm32f3xx_hal_cortex.o
                0x0000000008001182                HAL_SYSTICK_Config
 .text.HAL_DMA_Abort
                0x000000000800119a       0x72 Drivers/STM32F3xx_HAL_Driver/Src/stm32f3xx_hal_dma.o
                0x000000000800119a                HAL_DMA_Abort
 .text.HAL_DMA_Abort_IT
                0x000000000800120c       0x7c Drivers/STM32F3xx_HAL_Driver/Src/stm32f3xx_hal_dma.o
                0x000000000800120c                HAL_DMA_Abort_IT
 .text.HAL_GPIO_Init
                0x0000000008001288      0x314 Drivers/STM32F3xx_HAL_Driver/Src/stm32f3xx_hal_gpio.o
                0x0000000008001288                HAL_GPIO_Init
 .text.HAL_GPIO_WritePin
                0x000000000800159c       0x30 Drivers/STM32F3xx_HAL_Driver/Src/stm32f3xx_hal_gpio.o
                0x000000000800159c                HAL_GPIO_WritePin
 .text.HAL_I2C_Init
                0x00000000080015cc      0x11e Drivers/STM32F3xx_HAL_Driver/Src/stm32f3xx_hal_i2c.o
                0x00000000080015cc                HAL_I2C_Init
 .text.HAL_I2CEx_ConfigAnalogFilter
                0x00000000080016ea       0x96 Drivers/STM32F3xx_HAL_Driver/Src/stm32f3xx_hal_i2c_ex.o
                0x00000000080016ea                HAL_I2CEx_ConfigAnalogFilter
 .text.HAL_I2CEx_ConfigDigitalFilter
                0x0000000008001780       0x98 Drivers/STM32F3xx_HAL_Driver/Src/stm32f3xx_hal_i2c_ex.o
                0x0000000008001780                HAL_I2CEx_ConfigDigitalFilter
 .text.HAL_RCC_OscConfig
                0x0000000008001818      0xe2c Drivers/STM32F3xx_HAL_Driver/Src/stm32f3xx_hal_rcc.o
                0x0000000008001818                HAL_RCC_OscConfig
 .text.HAL_RCC_ClockConfig
                0x0000000008002644      0x2f8 Drivers/STM32F3xx_HAL_Driver/Src/stm32f3xx_hal_rcc.o
                0x0000000008002644                HAL_RCC_ClockConfig
 .text.HAL_RCC_GetSysClockFreq
                0x000000000800293c       0xd4 Drivers/STM32F3xx_HAL_Driver/Src/stm32f3xx_hal_rcc.o
                0x000000000800293c                HAL_RCC_GetSysClockFreq
 .text.HAL_RCC_GetHCLKFreq
                0x0000000008002a10       0x18 Drivers/STM32F3xx_HAL_Driver/Src/stm32f3xx_hal_rcc.o
                0x0000000008002a10                HAL_RCC_GetHCLKFreq
 .text.HAL_RCC_GetPCLK1Freq
                0x0000000008002a28       0x44 Drivers/STM32F3xx_HAL_Driver/Src/stm32f3xx_hal_rcc.o
                0x0000000008002a28                HAL_RCC_GetPCLK1Freq
 .text.HAL_RCC_GetPCLK2Freq
                0x0000000008002a6c       0x44 Drivers/STM32F3xx_HAL_Driver/Src/stm32f3xx_hal_rcc.o
                0x0000000008002a6c                HAL_RCC_GetPCLK2Freq
 .text.HAL_RCCEx_PeriphCLKConfig
                0x0000000008002ab0      0x43c Drivers/STM32F3xx_HAL_Driver/Src/stm32f3xx_hal_rcc_ex.o
                0x0000000008002ab0                HAL_RCCEx_PeriphCLKConfig
 .text.HAL_SPI_Init
                0x0000000008002eec      0x156 Drivers/STM32F3xx_HAL_Driver/Src/stm32f3xx_hal_spi.o
                0x0000000008002eec                HAL_SPI_Init
 .text.HAL_TIM_Base_Init
                0x0000000008003042       0xae Drivers/STM32F3xx_HAL_Driver/Src/stm32f3xx_hal_tim.o
                0x0000000008003042                HAL_TIM_Base_Init
 .text.HAL_TIM_IRQHandler
                0x00000000080030f0      0x23e Drivers/STM32F3xx_HAL_Driver/Src/stm32f3xx_hal_tim.o
                0x00000000080030f0                HAL_TIM_IRQHandler
 .text.HAL_TIM_OC_DelayElapsedCallback
                0x000000000800332e       0x14 Drivers/STM32F3xx_HAL_Driver/Src/stm32f3xx_hal_tim.o
                0x000000000800332e                HAL_TIM_OC_DelayElapsedCallback
 .text.HAL_TIM_IC_CaptureCallback
                0x0000000008003342       0x14 Drivers/STM32F3xx_HAL_Driver/Src/stm32f3xx_hal_tim.o
                0x0000000008003342                HAL_TIM_IC_CaptureCallback
 .text.HAL_TIM_PWM_PulseFinishedCallback
                0x0000000008003356       0x14 Drivers/STM32F3xx_HAL_Driver/Src/stm32f3xx_hal_tim.o
                0x0000000008003356                HAL_TIM_PWM_PulseFinishedCallback
 .text.HAL_TIM_TriggerCallback
                0x000000000800336a       0x14 Drivers/STM32F3xx_HAL_Driver/Src/stm32f3xx_hal_tim.o
                0x000000000800336a                HAL_TIM_TriggerCallback
 *fill*         0x000000000800337e        0x2 
 .text.TIM_Base_SetConfig
                0x0000000008003380      0x13c Drivers/STM32F3xx_HAL_Driver/Src/stm32f3xx_hal_tim.o
                0x0000000008003380                TIM_Base_SetConfig
 .text.HAL_TIMEx_CommutCallback
                0x00000000080034bc       0x14 Drivers/STM32F3xx_HAL_Driver/Src/stm32f3xx_hal_tim_ex.o
                0x00000000080034bc                HAL_TIMEx_CommutCallback
 .text.HAL_TIMEx_BreakCallback
                0x00000000080034d0       0x14 Drivers/STM32F3xx_HAL_Driver/Src/stm32f3xx_hal_tim_ex.o
                0x00000000080034d0                HAL_TIMEx_BreakCallback
 .text.HAL_TIMEx_Break2Callback
                0x00000000080034e4       0x14 Drivers/STM32F3xx_HAL_Driver/Src/stm32f3xx_hal_tim_ex.o
                0x00000000080034e4                HAL_TIMEx_Break2Callback
 .text.HAL_UART_Init
                0x00000000080034f8       0x9c Drivers/STM32F3xx_HAL_Driver/Src/stm32f3xx_hal_uart.o
                0x00000000080034f8                HAL_UART_Init
 .text.HAL_UART_IRQHandler
                0x0000000008003594      0x5bc Drivers/STM32F3xx_HAL_Driver/Src/stm32f3xx_hal_uart.o
                0x0000000008003594                HAL_UART_IRQHandler
 .text.HAL_UART_TxCpltCallback
                0x0000000008003b50       0x14 Drivers/STM32F3xx_HAL_Driver/Src/stm32f3xx_hal_uart.o
                0x0000000008003b50                HAL_UART_TxCpltCallback
 .text.HAL_UART_ErrorCallback
                0x0000000008003b64       0x14 Drivers/STM32F3xx_HAL_Driver/Src/stm32f3xx_hal_uart.o
                0x0000000008003b64                HAL_UART_ErrorCallback
 .text.HAL_UARTEx_RxEventCallback
                0x0000000008003b78       0x18 Drivers/STM32F3xx_HAL_Driver/Src/stm32f3xx_hal_uart.o
                0x0000000008003b78                HAL_UARTEx_RxEventCallback
 .text.UART_SetConfig
                0x0000000008003b90      0x3ac Drivers/STM32F3xx_HAL_Driver/Src/stm32f3xx_hal_uart.o
                0x0000000008003b90                UART_SetConfig
 .text.UART_AdvFeatureConfig
                0x0000000008003f3c      0x144 Drivers/STM32F3xx_HAL_Driver/Src/stm32f3xx_hal_uart.o
                0x0000000008003f3c                UART_AdvFeatureConfig
 .text.UART_CheckIdleState
                0x0000000008004080       0x92 Drivers/STM32F3xx_HAL_Driver/Src/stm32f3xx_hal_uart.o
                0x0000000008004080                UART_CheckIdleState
 .text.UART_WaitOnFlagUntilTimeout
                0x0000000008004112      0x188 Drivers/STM32F3xx_HAL_Driver/Src/stm32f3xx_hal_uart.o
                0x0000000008004112                UART_WaitOnFlagUntilTimeout
 .text.UART_EndRxTransfer
                0x000000000800429a       0xc6 Drivers/STM32F3xx_HAL_Driver/Src/stm32f3xx_hal_uart.o
 .text.UART_DMAAbortOnError
                0x0000000008004360       0x2c Drivers/STM32F3xx_HAL_Driver/Src/stm32f3xx_hal_uart.o
 .text.UART_EndTransmit_IT
                0x000000000800438c       0x54 Drivers/STM32F3xx_HAL_Driver/Src/stm32f3xx_hal_uart.o
 .text.HAL_UARTEx_WakeupCallback
                0x00000000080043e0       0x14 Drivers/STM32F3xx_HAL_Driver/Src/stm32f3xx_hal_uart_ex.o
                0x00000000080043e0                HAL_UARTEx_WakeupCallback
 .text.__libc_init_array
                0x00000000080043f4       0x48 f:/stm32cubeide_1.6.1/stm32cubeide/plugins/com.st.stm32cube.ide.mcu.externaltools.gnu-tools-for-stm32.9-2020-q2-update.win32_1.5.0.202011040924/tools/bin/../lib/gcc/arm-none-eabi/9.3.1/../../../../arm-none-eabi/lib/thumb/v7e-m+fp/hard\libc_nano.a(lib_a-init.o)
                0x00000000080043f4                __libc_init_array
 .text.memset   0x000000000800443c       0x10 f:/stm32cubeide_1.6.1/stm32cubeide/plugins/com.st.stm32cube.ide.mcu.externaltools.gnu-tools-for-stm32.9-2020-q2-update.win32_1.5.0.202011040924/tools/bin/../lib/gcc/arm-none-eabi/9.3.1/../../../../arm-none-eabi/lib/thumb/v7e-m+fp/hard\libc_nano.a(lib_a-memset.o)
                0x000000000800443c                memset
 *(.glue_7)
 .glue_7        0x000000000800444c        0x0 linker stubs
 *(.glue_7t)
 .glue_7t       0x000000000800444c        0x0 linker stubs
 *(.eh_frame)
 .eh_frame      0x000000000800444c        0x0 f:/stm32cubeide_1.6.1/stm32cubeide/plugins/com.st.stm32cube.ide.mcu.externaltools.gnu-tools-for-stm32.9-2020-q2-update.win32_1.5.0.202011040924/tools/bin/../lib/gcc/arm-none-eabi/9.3.1/thumb/v7e-m+fp/hard/crtbegin.o
 *(.init)
 .init          0x000000000800444c        0x4 f:/stm32cubeide_1.6.1/stm32cubeide/plugins/com.st.stm32cube.ide.mcu.externaltools.gnu-tools-for-stm32.9-2020-q2-update.win32_1.5.0.202011040924/tools/bin/../lib/gcc/arm-none-eabi/9.3.1/thumb/v7e-m+fp/hard/crti.o
                0x000000000800444c                _init
 .init          0x0000000008004450        0x8 f:/stm32cubeide_1.6.1/stm32cubeide/plugins/com.st.stm32cube.ide.mcu.externaltools.gnu-tools-for-stm32.9-2020-q2-update.win32_1.5.0.202011040924/tools/bin/../lib/gcc/arm-none-eabi/9.3.1/thumb/v7e-m+fp/hard/crtn.o
 *(.fini)
 .fini          0x0000000008004458        0x4 f:/stm32cubeide_1.6.1/stm32cubeide/plugins/com.st.stm32cube.ide.mcu.externaltools.gnu-tools-for-stm32.9-2020-q2-update.win32_1.5.0.202011040924/tools/bin/../lib/gcc/arm-none-eabi/9.3.1/thumb/v7e-m+fp/hard/crti.o
                0x0000000008004458                _fini
 .fini          0x000000000800445c        0x8 f:/stm32cubeide_1.6.1/stm32cubeide/plugins/com.st.stm32cube.ide.mcu.externaltools.gnu-tools-for-stm32.9-2020-q2-update.win32_1.5.0.202011040924/tools/bin/../lib/gcc/arm-none-eabi/9.3.1/thumb/v7e-m+fp/hard/crtn.o
                0x0000000008004464                . = ALIGN (0x4)
                0x0000000008004464                _etext = .

.vfp11_veneer   0x0000000008004464        0x0
 .vfp11_veneer  0x0000000008004464        0x0 linker stubs

.v4_bx          0x0000000008004464        0x0
 .v4_bx         0x0000000008004464        0x0 linker stubs

.iplt           0x0000000008004464        0x0
 .iplt          0x0000000008004464        0x0 f:/stm32cubeide_1.6.1/stm32cubeide/plugins/com.st.stm32cube.ide.mcu.externaltools.gnu-tools-for-stm32.9-2020-q2-update.win32_1.5.0.202011040924/tools/bin/../lib/gcc/arm-none-eabi/9.3.1/thumb/v7e-m+fp/hard/crtbegin.o

.rodata         0x0000000008004464       0x54
                0x0000000008004464                . = ALIGN (0x4)
 *(.rodata)
 .rodata        0x0000000008004464       0x1c Core/Src/main.o
 *(.rodata*)
 .rodata.AHBPrescTable
                0x0000000008004480       0x10 Core/Src/system_stm32f3xx.o
                0x0000000008004480                AHBPrescTable
 .rodata.APBPrescTable
                0x0000000008004490        0x8 Core/Src/system_stm32f3xx.o
                0x0000000008004490                APBPrescTable
 .rodata.aPLLMULFactorTable
                0x0000000008004498       0x10 Drivers/STM32F3xx_HAL_Driver/Src/stm32f3xx_hal_rcc.o
                0x0000000008004498                aPLLMULFactorTable
 .rodata.aPredivFactorTable
                0x00000000080044a8       0x10 Drivers/STM32F3xx_HAL_Driver/Src/stm32f3xx_hal_rcc.o
                0x00000000080044a8                aPredivFactorTable
                0x00000000080044b8                . = ALIGN (0x4)

.rel.dyn        0x00000000080044b8        0x0
 .rel.iplt      0x00000000080044b8        0x0 f:/stm32cubeide_1.6.1/stm32cubeide/plugins/com.st.stm32cube.ide.mcu.externaltools.gnu-tools-for-stm32.9-2020-q2-update.win32_1.5.0.202011040924/tools/bin/../lib/gcc/arm-none-eabi/9.3.1/thumb/v7e-m+fp/hard/crtbegin.o

.ARM.extab      0x00000000080044b8        0x0
                0x00000000080044b8                . = ALIGN (0x4)
 *(.ARM.extab* .gnu.linkonce.armextab.*)
                0x00000000080044b8                . = ALIGN (0x4)

.ARM            0x00000000080044b8        0x0
                0x00000000080044b8                . = ALIGN (0x4)
                0x00000000080044b8                __exidx_start = .
 *(.ARM.exidx*)
                0x00000000080044b8                __exidx_end = .
                0x00000000080044b8                . = ALIGN (0x4)

.preinit_array  0x00000000080044b8        0x0
                0x00000000080044b8                . = ALIGN (0x4)
                0x00000000080044b8                PROVIDE (__preinit_array_start = .)
 *(.preinit_array*)
                0x00000000080044b8                PROVIDE (__preinit_array_end = .)
                0x00000000080044b8                . = ALIGN (0x4)

.init_array     0x00000000080044b8        0x4
                0x00000000080044b8                . = ALIGN (0x4)
                0x00000000080044b8                PROVIDE (__init_array_start = .)
 *(SORT_BY_NAME(.init_array.*))
 *(.init_array*)
 .init_array    0x00000000080044b8        0x4 f:/stm32cubeide_1.6.1/stm32cubeide/plugins/com.st.stm32cube.ide.mcu.externaltools.gnu-tools-for-stm32.9-2020-q2-update.win32_1.5.0.202011040924/tools/bin/../lib/gcc/arm-none-eabi/9.3.1/thumb/v7e-m+fp/hard/crtbegin.o
                0x00000000080044bc                PROVIDE (__init_array_end = .)
                0x00000000080044bc                . = ALIGN (0x4)

.fini_array     0x00000000080044bc        0x4
                0x00000000080044bc                . = ALIGN (0x4)
                [!provide]                        PROVIDE (__fini_array_start = .)
 *(SORT_BY_NAME(.fini_array.*))
 *(.fini_array*)
 .fini_array    0x00000000080044bc        0x4 f:/stm32cubeide_1.6.1/stm32cubeide/plugins/com.st.stm32cube.ide.mcu.externaltools.gnu-tools-for-stm32.9-2020-q2-update.win32_1.5.0.202011040924/tools/bin/../lib/gcc/arm-none-eabi/9.3.1/thumb/v7e-m+fp/hard/crtbegin.o
                [!provide]                        PROVIDE (__fini_array_end = .)
                0x00000000080044c0                . = ALIGN (0x4)
                0x00000000080044c0                _sidata = LOADADDR (.data)

.data           0x0000000020000000        0xc load address 0x00000000080044c0
                0x0000000020000000                . = ALIGN (0x4)
                0x0000000020000000                _sdata = .
 *(.data)
 *(.data*)
 .data.SystemCoreClock
                0x0000000020000000        0x4 Core/Src/system_stm32f3xx.o
                0x0000000020000000                SystemCoreClock
 .data.uwTickPrio
                0x0000000020000004        0x4 Drivers/STM32F3xx_HAL_Driver/Src/stm32f3xx_hal.o
                0x0000000020000004                uwTickPrio
 .data.uwTickFreq
                0x0000000020000008        0x1 Drivers/STM32F3xx_HAL_Driver/Src/stm32f3xx_hal.o
                0x0000000020000008                uwTickFreq
 *(.RamFunc)
 *(.RamFunc*)
                0x000000002000000c                . = ALIGN (0x4)
 *fill*         0x0000000020000009        0x3 
                0x000000002000000c                _edata = .

.igot.plt       0x000000002000000c        0x0 load address 0x00000000080044cc
 .igot.plt      0x000000002000000c        0x0 f:/stm32cubeide_1.6.1/stm32cubeide/plugins/com.st.stm32cube.ide.mcu.externaltools.gnu-tools-for-stm32.9-2020-q2-update.win32_1.5.0.202011040924/tools/bin/../lib/gcc/arm-none-eabi/9.3.1/thumb/v7e-m+fp/hard/crtbegin.o
                0x000000002000000c                . = ALIGN (0x4)

.bss            0x000000002000000c      0x1a4 load address 0x00000000080044cc
                0x000000002000000c                _sbss = .
                0x000000002000000c                __bss_start__ = _sbss
 *(.bss)
 .bss           0x000000002000000c       0x1c f:/stm32cubeide_1.6.1/stm32cubeide/plugins/com.st.stm32cube.ide.mcu.externaltools.gnu-tools-for-stm32.9-2020-q2-update.win32_1.5.0.202011040924/tools/bin/../lib/gcc/arm-none-eabi/9.3.1/thumb/v7e-m+fp/hard/crtbegin.o
 *(.bss*)
 .bss.cnt.9853  0x0000000020000028        0x2 Core/Src/main.o
 *(COMMON)
 *fill*         0x000000002000002a        0x2 
 COMMON         0x000000002000002c       0x4c Core/Src/i2c.o
                0x000000002000002c                hi2c1
 COMMON         0x0000000020000078       0x64 Core/Src/spi.o
                0x0000000020000078                hspi1
 COMMON         0x00000000200000dc       0x4c Core/Src/tim.o
                0x00000000200000dc                htim16
 COMMON         0x0000000020000128       0x84 Core/Src/usart.o
                0x0000000020000128                huart2
 COMMON         0x00000000200001ac        0x4 Drivers/STM32F3xx_HAL_Driver/Src/stm32f3xx_hal.o
                0x00000000200001ac                uwTick
                0x00000000200001b0                . = ALIGN (0x4)
                0x00000000200001b0                _ebss = .
                0x00000000200001b0                __bss_end__ = _ebss

._user_heap_stack
                0x00000000200001b0      0x600 load address 0x00000000080044cc
                0x00000000200001b0                . = ALIGN (0x8)
                [!provide]                        PROVIDE (end = .)
                0x00000000200001b0                PROVIDE (_end = .)
                0x00000000200003b0                . = (. + _Min_Heap_Size)
 *fill*         0x00000000200001b0      0x200 
                0x00000000200007b0                . = (. + _Min_Stack_Size)
 *fill*         0x00000000200003b0      0x400 
                0x00000000200007b0                . = ALIGN (0x8)

/DISCARD/
 libc.a(*)
 libm.a(*)
 libgcc.a(*)

.ARM.attributes
                0x0000000000000000       0x30
 *(.ARM.attributes)
 .ARM.attributes
                0x0000000000000000       0x1e f:/stm32cubeide_1.6.1/stm32cubeide/plugins/com.st.stm32cube.ide.mcu.externaltools.gnu-tools-for-stm32.9-2020-q2-update.win32_1.5.0.202011040924/tools/bin/../lib/gcc/arm-none-eabi/9.3.1/thumb/v7e-m+fp/hard/crti.o
 .ARM.attributes
                0x000000000000001e       0x34 f:/stm32cubeide_1.6.1/stm32cubeide/plugins/com.st.stm32cube.ide.mcu.externaltools.gnu-tools-for-stm32.9-2020-q2-update.win32_1.5.0.202011040924/tools/bin/../lib/gcc/arm-none-eabi/9.3.1/thumb/v7e-m+fp/hard/crtbegin.o
 .ARM.attributes
                0x0000000000000052       0x34 Core/Src/gpio.o
 .ARM.attributes
                0x0000000000000086       0x34 Core/Src/i2c.o
 .ARM.attributes
                0x00000000000000ba       0x34 Core/Src/lcd.o
 .ARM.attributes
                0x00000000000000ee       0x34 Core/Src/main.o
 .ARM.attributes
                0x0000000000000122       0x34 Core/Src/motor.o
 .ARM.attributes
                0x0000000000000156       0x34 Core/Src/spi.o
 .ARM.attributes
                0x000000000000018a       0x34 Core/Src/stm32f3xx_hal_msp.o
 .ARM.attributes
                0x00000000000001be       0x34 Core/Src/stm32f3xx_it.o
 .ARM.attributes
                0x00000000000001f2       0x34 Core/Src/system_stm32f3xx.o
 .ARM.attributes
                0x0000000000000226       0x34 Core/Src/tim.o
 .ARM.attributes
                0x000000000000025a       0x34 Core/Src/usart.o
 .ARM.attributes
                0x000000000000028e       0x21 Core/Startup/startup_stm32f303retx.o
 .ARM.attributes
                0x00000000000002af       0x34 Drivers/STM32F3xx_HAL_Driver/Src/stm32f3xx_hal.o
 .ARM.attributes
                0x00000000000002e3       0x34 Drivers/STM32F3xx_HAL_Driver/Src/stm32f3xx_hal_cortex.o
 .ARM.attributes
                0x0000000000000317       0x34 Drivers/STM32F3xx_HAL_Driver/Src/stm32f3xx_hal_dma.o
 .ARM.attributes
                0x000000000000034b       0x34 Drivers/STM32F3xx_HAL_Driver/Src/stm32f3xx_hal_gpio.o
 .ARM.attributes
                0x000000000000037f       0x34 Drivers/STM32F3xx_HAL_Driver/Src/stm32f3xx_hal_i2c.o
 .ARM.attributes
                0x00000000000003b3       0x34 Drivers/STM32F3xx_HAL_Driver/Src/stm32f3xx_hal_i2c_ex.o
 .ARM.attributes
                0x00000000000003e7       0x34 Drivers/STM32F3xx_HAL_Driver/Src/stm32f3xx_hal_rcc.o
 .ARM.attributes
                0x000000000000041b       0x34 Drivers/STM32F3xx_HAL_Driver/Src/stm32f3xx_hal_rcc_ex.o
 .ARM.attributes
                0x000000000000044f       0x34 Drivers/STM32F3xx_HAL_Driver/Src/stm32f3xx_hal_spi.o
 .ARM.attributes
                0x0000000000000483       0x34 Drivers/STM32F3xx_HAL_Driver/Src/stm32f3xx_hal_tim.o
 .ARM.attributes
                0x00000000000004b7       0x34 Drivers/STM32F3xx_HAL_Driver/Src/stm32f3xx_hal_tim_ex.o
 .ARM.attributes
                0x00000000000004eb       0x34 Drivers/STM32F3xx_HAL_Driver/Src/stm32f3xx_hal_uart.o
 .ARM.attributes
                0x000000000000051f       0x34 Drivers/STM32F3xx_HAL_Driver/Src/stm32f3xx_hal_uart_ex.o
 .ARM.attributes
                0x0000000000000553       0x34 f:/stm32cubeide_1.6.1/stm32cubeide/plugins/com.st.stm32cube.ide.mcu.externaltools.gnu-tools-for-stm32.9-2020-q2-update.win32_1.5.0.202011040924/tools/bin/../lib/gcc/arm-none-eabi/9.3.1/../../../../arm-none-eabi/lib/thumb/v7e-m+fp/hard\libc_nano.a(lib_a-init.o)
 .ARM.attributes
                0x0000000000000587       0x34 f:/stm32cubeide_1.6.1/stm32cubeide/plugins/com.st.stm32cube.ide.mcu.externaltools.gnu-tools-for-stm32.9-2020-q2-update.win32_1.5.0.202011040924/tools/bin/../lib/gcc/arm-none-eabi/9.3.1/../../../../arm-none-eabi/lib/thumb/v7e-m+fp/hard\libc_nano.a(lib_a-memset.o)
 .ARM.attributes
                0x00000000000005bb       0x17 f:/stm32cubeide_1.6.1/stm32cubeide/plugins/com.st.stm32cube.ide.mcu.externaltools.gnu-tools-for-stm32.9-2020-q2-update.win32_1.5.0.202011040924/tools/bin/../lib/gcc/arm-none-eabi/9.3.1/../../../../arm-none-eabi/lib/thumb/v7e-m+fp/hard\libc_nano.a(lib_a-strlen.o)
 .ARM.attributes
                0x00000000000005d2       0x1e f:/stm32cubeide_1.6.1/stm32cubeide/plugins/com.st.stm32cube.ide.mcu.externaltools.gnu-tools-for-stm32.9-2020-q2-update.win32_1.5.0.202011040924/tools/bin/../lib/gcc/arm-none-eabi/9.3.1/thumb/v7e-m+fp/hard/crtn.o
OUTPUT(01_PROJEKT.elf elf32-littlearm)
LOAD linker stubs
LOAD f:/stm32cubeide_1.6.1/stm32cubeide/plugins/com.st.stm32cube.ide.mcu.externaltools.gnu-tools-for-stm32.9-2020-q2-update.win32_1.5.0.202011040924/tools/bin/../lib/gcc/arm-none-eabi/9.3.1/../../../../arm-none-eabi/lib/thumb/v7e-m+fp/hard\libc.a
LOAD f:/stm32cubeide_1.6.1/stm32cubeide/plugins/com.st.stm32cube.ide.mcu.externaltools.gnu-tools-for-stm32.9-2020-q2-update.win32_1.5.0.202011040924/tools/bin/../lib/gcc/arm-none-eabi/9.3.1/../../../../arm-none-eabi/lib/thumb/v7e-m+fp/hard\libm.a
LOAD f:/stm32cubeide_1.6.1/stm32cubeide/plugins/com.st.stm32cube.ide.mcu.externaltools.gnu-tools-for-stm32.9-2020-q2-update.win32_1.5.0.202011040924/tools/bin/../lib/gcc/arm-none-eabi/9.3.1/thumb/v7e-m+fp/hard\libgcc.a

.debug_info     0x0000000000000000    0x18a8d
 .debug_info    0x0000000000000000      0x425 Core/Src/gpio.o
 .debug_info    0x0000000000000425      0x97b Core/Src/i2c.o
 .debug_info    0x0000000000000da0      0xecf Core/Src/lcd.o
 .debug_info    0x0000000000001c6f     0x1efc Core/Src/main.o
 .debug_info    0x0000000000003b6b      0x95c Core/Src/motor.o
 .debug_info    0x00000000000044c7      0x947 Core/Src/spi.o
 .debug_info    0x0000000000004e0e      0x299 Core/Src/stm32f3xx_hal_msp.o
 .debug_info    0x00000000000050a7      0xb78 Core/Src/stm32f3xx_it.o
 .debug_info    0x0000000000005c1f      0x49a Core/Src/system_stm32f3xx.o
 .debug_info    0x00000000000060b9      0xace Core/Src/tim.o
 .debug_info    0x0000000000006b87      0xbd3 Core/Src/usart.o
 .debug_info    0x000000000000775a       0x22 Core/Startup/startup_stm32f303retx.o
 .debug_info    0x000000000000777c      0x86d Drivers/STM32F3xx_HAL_Driver/Src/stm32f3xx_hal.o
 .debug_info    0x0000000000007fe9      0xe74 Drivers/STM32F3xx_HAL_Driver/Src/stm32f3xx_hal_cortex.o
 .debug_info    0x0000000000008e5d      0x839 Drivers/STM32F3xx_HAL_Driver/Src/stm32f3xx_hal_dma.o
 .debug_info    0x0000000000009696      0x83d Drivers/STM32F3xx_HAL_Driver/Src/stm32f3xx_hal_gpio.o
 .debug_info    0x0000000000009ed3     0x21c4 Drivers/STM32F3xx_HAL_Driver/Src/stm32f3xx_hal_i2c.o
 .debug_info    0x000000000000c097      0xa2c Drivers/STM32F3xx_HAL_Driver/Src/stm32f3xx_hal_i2c_ex.o
 .debug_info    0x000000000000cac3     0x15c6 Drivers/STM32F3xx_HAL_Driver/Src/stm32f3xx_hal_rcc.o
 .debug_info    0x000000000000e089      0x716 Drivers/STM32F3xx_HAL_Driver/Src/stm32f3xx_hal_rcc_ex.o
 .debug_info    0x000000000000e79f     0x17f6 Drivers/STM32F3xx_HAL_Driver/Src/stm32f3xx_hal_spi.o
 .debug_info    0x000000000000ff95     0x2cf6 Drivers/STM32F3xx_HAL_Driver/Src/stm32f3xx_hal_tim.o
 .debug_info    0x0000000000012c8b     0x163e Drivers/STM32F3xx_HAL_Driver/Src/stm32f3xx_hal_tim_ex.o
 .debug_info    0x00000000000142c9     0x3af9 Drivers/STM32F3xx_HAL_Driver/Src/stm32f3xx_hal_uart.o
 .debug_info    0x0000000000017dc2      0xccb Drivers/STM32F3xx_HAL_Driver/Src/stm32f3xx_hal_uart_ex.o

.debug_abbrev   0x0000000000000000     0x317c
 .debug_abbrev  0x0000000000000000      0x14e Core/Src/gpio.o
 .debug_abbrev  0x000000000000014e      0x1c6 Core/Src/i2c.o
 .debug_abbrev  0x0000000000000314      0x25f Core/Src/lcd.o
 .debug_abbrev  0x0000000000000573      0x28b Core/Src/main.o
 .debug_abbrev  0x00000000000007fe      0x17f Core/Src/motor.o
 .debug_abbrev  0x000000000000097d      0x1bb Core/Src/spi.o
 .debug_abbrev  0x0000000000000b38      0x11d Core/Src/stm32f3xx_hal_msp.o
 .debug_abbrev  0x0000000000000c55      0x176 Core/Src/stm32f3xx_it.o
 .debug_abbrev  0x0000000000000dcb      0x145 Core/Src/system_stm32f3xx.o
 .debug_abbrev  0x0000000000000f10      0x1bb Core/Src/tim.o
 .debug_abbrev  0x00000000000010cb      0x1c4 Core/Src/usart.o
 .debug_abbrev  0x000000000000128f       0x12 Core/Startup/startup_stm32f303retx.o
 .debug_abbrev  0x00000000000012a1      0x1ed Drivers/STM32F3xx_HAL_Driver/Src/stm32f3xx_hal.o
 .debug_abbrev  0x000000000000148e      0x33c Drivers/STM32F3xx_HAL_Driver/Src/stm32f3xx_hal_cortex.o
 .debug_abbrev  0x00000000000017ca      0x228 Drivers/STM32F3xx_HAL_Driver/Src/stm32f3xx_hal_dma.o
 .debug_abbrev  0x00000000000019f2      0x1e8 Drivers/STM32F3xx_HAL_Driver/Src/stm32f3xx_hal_gpio.o
 .debug_abbrev  0x0000000000001bda      0x256 Drivers/STM32F3xx_HAL_Driver/Src/stm32f3xx_hal_i2c.o
 .debug_abbrev  0x0000000000001e30      0x1dd Drivers/STM32F3xx_HAL_Driver/Src/stm32f3xx_hal_i2c_ex.o
 .debug_abbrev  0x000000000000200d      0x2c4 Drivers/STM32F3xx_HAL_Driver/Src/stm32f3xx_hal_rcc.o
 .debug_abbrev  0x00000000000022d1      0x23e Drivers/STM32F3xx_HAL_Driver/Src/stm32f3xx_hal_rcc_ex.o
 .debug_abbrev  0x000000000000250f      0x254 Drivers/STM32F3xx_HAL_Driver/Src/stm32f3xx_hal_spi.o
 .debug_abbrev  0x0000000000002763      0x25e Drivers/STM32F3xx_HAL_Driver/Src/stm32f3xx_hal_tim.o
 .debug_abbrev  0x00000000000029c1      0x266 Drivers/STM32F3xx_HAL_Driver/Src/stm32f3xx_hal_tim_ex.o
 .debug_abbrev  0x0000000000002c27      0x2b3 Drivers/STM32F3xx_HAL_Driver/Src/stm32f3xx_hal_uart.o
 .debug_abbrev  0x0000000000002eda      0x2a2 Drivers/STM32F3xx_HAL_Driver/Src/stm32f3xx_hal_uart_ex.o

.debug_aranges  0x0000000000000000     0x12e0
 .debug_aranges
                0x0000000000000000       0x20 Core/Src/gpio.o
 .debug_aranges
                0x0000000000000020       0x30 Core/Src/i2c.o
 .debug_aranges
                0x0000000000000050       0x68 Core/Src/lcd.o
 .debug_aranges
                0x00000000000000b8       0x40 Core/Src/main.o
 .debug_aranges
                0x00000000000000f8       0x48 Core/Src/motor.o
 .debug_aranges
                0x0000000000000140       0x30 Core/Src/spi.o
 .debug_aranges
                0x0000000000000170       0x20 Core/Src/stm32f3xx_hal_msp.o
 .debug_aranges
                0x0000000000000190       0x70 Core/Src/stm32f3xx_it.o
 .debug_aranges
                0x0000000000000200       0x28 Core/Src/system_stm32f3xx.o
 .debug_aranges
                0x0000000000000228       0x30 Core/Src/tim.o
 .debug_aranges
                0x0000000000000258       0x30 Core/Src/usart.o
 .debug_aranges
                0x0000000000000288       0x28 Core/Startup/startup_stm32f303retx.o
 .debug_aranges
                0x00000000000002b0       0xe0 Drivers/STM32F3xx_HAL_Driver/Src/stm32f3xx_hal.o
 .debug_aranges
                0x0000000000000390      0x118 Drivers/STM32F3xx_HAL_Driver/Src/stm32f3xx_hal_cortex.o
 .debug_aranges
                0x00000000000004a8       0x88 Drivers/STM32F3xx_HAL_Driver/Src/stm32f3xx_hal_dma.o
 .debug_aranges
                0x0000000000000530       0x58 Drivers/STM32F3xx_HAL_Driver/Src/stm32f3xx_hal_gpio.o
 .debug_aranges
                0x0000000000000588      0x290 Drivers/STM32F3xx_HAL_Driver/Src/stm32f3xx_hal_i2c.o
 .debug_aranges
                0x0000000000000818       0x48 Drivers/STM32F3xx_HAL_Driver/Src/stm32f3xx_hal_i2c_ex.o
 .debug_aranges
                0x0000000000000860       0x88 Drivers/STM32F3xx_HAL_Driver/Src/stm32f3xx_hal_rcc.o
 .debug_aranges
                0x00000000000008e8       0x38 Drivers/STM32F3xx_HAL_Driver/Src/stm32f3xx_hal_rcc_ex.o
 .debug_aranges
                0x0000000000000920      0x1d8 Drivers/STM32F3xx_HAL_Driver/Src/stm32f3xx_hal_spi.o
 .debug_aranges
                0x0000000000000af8      0x3e0 Drivers/STM32F3xx_HAL_Driver/Src/stm32f3xx_hal_tim.o
 .debug_aranges
                0x0000000000000ed8      0x178 Drivers/STM32F3xx_HAL_Driver/Src/stm32f3xx_hal_tim_ex.o
 .debug_aranges
                0x0000000000001050      0x228 Drivers/STM32F3xx_HAL_Driver/Src/stm32f3xx_hal_uart.o
 .debug_aranges
                0x0000000000001278       0x68 Drivers/STM32F3xx_HAL_Driver/Src/stm32f3xx_hal_uart_ex.o

.debug_ranges   0x0000000000000000     0x1188
 .debug_ranges  0x0000000000000000       0x10 Core/Src/gpio.o
 .debug_ranges  0x0000000000000010       0x20 Core/Src/i2c.o
 .debug_ranges  0x0000000000000030       0x58 Core/Src/lcd.o
 .debug_ranges  0x0000000000000088       0x30 Core/Src/main.o
 .debug_ranges  0x00000000000000b8       0x38 Core/Src/motor.o
 .debug_ranges  0x00000000000000f0       0x20 Core/Src/spi.o
 .debug_ranges  0x0000000000000110       0x10 Core/Src/stm32f3xx_hal_msp.o
 .debug_ranges  0x0000000000000120       0x60 Core/Src/stm32f3xx_it.o
 .debug_ranges  0x0000000000000180       0x18 Core/Src/system_stm32f3xx.o
 .debug_ranges  0x0000000000000198       0x20 Core/Src/tim.o
 .debug_ranges  0x00000000000001b8       0x20 Core/Src/usart.o
 .debug_ranges  0x00000000000001d8       0x20 Core/Startup/startup_stm32f303retx.o
 .debug_ranges  0x00000000000001f8       0xd0 Drivers/STM32F3xx_HAL_Driver/Src/stm32f3xx_hal.o
 .debug_ranges  0x00000000000002c8      0x108 Drivers/STM32F3xx_HAL_Driver/Src/stm32f3xx_hal_cortex.o
 .debug_ranges  0x00000000000003d0       0x78 Drivers/STM32F3xx_HAL_Driver/Src/stm32f3xx_hal_dma.o
 .debug_ranges  0x0000000000000448       0x48 Drivers/STM32F3xx_HAL_Driver/Src/stm32f3xx_hal_gpio.o
 .debug_ranges  0x0000000000000490      0x280 Drivers/STM32F3xx_HAL_Driver/Src/stm32f3xx_hal_i2c.o
 .debug_ranges  0x0000000000000710       0x38 Drivers/STM32F3xx_HAL_Driver/Src/stm32f3xx_hal_i2c_ex.o
 .debug_ranges  0x0000000000000748       0x78 Drivers/STM32F3xx_HAL_Driver/Src/stm32f3xx_hal_rcc.o
 .debug_ranges  0x00000000000007c0       0x28 Drivers/STM32F3xx_HAL_Driver/Src/stm32f3xx_hal_rcc_ex.o
 .debug_ranges  0x00000000000007e8      0x1c8 Drivers/STM32F3xx_HAL_Driver/Src/stm32f3xx_hal_spi.o
 .debug_ranges  0x00000000000009b0      0x3d0 Drivers/STM32F3xx_HAL_Driver/Src/stm32f3xx_hal_tim.o
 .debug_ranges  0x0000000000000d80      0x168 Drivers/STM32F3xx_HAL_Driver/Src/stm32f3xx_hal_tim_ex.o
 .debug_ranges  0x0000000000000ee8      0x248 Drivers/STM32F3xx_HAL_Driver/Src/stm32f3xx_hal_uart.o
 .debug_ranges  0x0000000000001130       0x58 Drivers/STM32F3xx_HAL_Driver/Src/stm32f3xx_hal_uart_ex.o

.debug_macro    0x0000000000000000    0x228c4
 .debug_macro   0x0000000000000000      0x205 Core/Src/gpio.o
 .debug_macro   0x0000000000000205      0xaa8 Core/Src/gpio.o
 .debug_macro   0x0000000000000cad      0x15d Core/Src/gpio.o
 .debug_macro   0x0000000000000e0a       0x2e Core/Src/gpio.o
 .debug_macro   0x0000000000000e38       0x28 Core/Src/gpio.o
 .debug_macro   0x0000000000000e60       0x22 Core/Src/gpio.o
 .debug_macro   0x0000000000000e82       0x8e Core/Src/gpio.o
 .debug_macro   0x0000000000000f10       0x51 Core/Src/gpio.o
 .debug_macro   0x0000000000000f61      0x103 Core/Src/gpio.o
 .debug_macro   0x0000000000001064       0x6a Core/Src/gpio.o
 .debug_macro   0x00000000000010ce      0x1df Core/Src/gpio.o
 .debug_macro   0x00000000000012ad       0x1c Core/Src/gpio.o
 .debug_macro   0x00000000000012c9       0x22 Core/Src/gpio.o
 .debug_macro   0x00000000000012eb       0xdf Core/Src/gpio.o
 .debug_macro   0x00000000000013ca     0x102d Core/Src/gpio.o
 .debug_macro   0x00000000000023f7      0x11f Core/Src/gpio.o
 .debug_macro   0x0000000000002516    0x1535a Core/Src/gpio.o
 .debug_macro   0x0000000000017870       0x6d Core/Src/gpio.o
 .debug_macro   0x00000000000178dd     0x3540 Core/Src/gpio.o
 .debug_macro   0x000000000001ae1d      0x174 Core/Src/gpio.o
 .debug_macro   0x000000000001af91       0x55 Core/Src/gpio.o
 .debug_macro   0x000000000001afe6      0x954 Core/Src/gpio.o
 .debug_macro   0x000000000001b93a      0x84a Core/Src/gpio.o
 .debug_macro   0x000000000001c184      0x1b6 Core/Src/gpio.o
 .debug_macro   0x000000000001c33a      0x23a Core/Src/gpio.o
 .debug_macro   0x000000000001c574      0x1ea Core/Src/gpio.o
 .debug_macro   0x000000000001c75e      0x1bc Core/Src/gpio.o
 .debug_macro   0x000000000001c91a       0x30 Core/Src/gpio.o
 .debug_macro   0x000000000001c94a       0x3c Core/Src/gpio.o
 .debug_macro   0x000000000001c986      0x236 Core/Src/gpio.o
 .debug_macro   0x000000000001cbbc       0xc5 Core/Src/gpio.o
 .debug_macro   0x000000000001cc81      0x21d Core/Src/gpio.o
 .debug_macro   0x000000000001ce9e      0x22c Core/Src/gpio.o
 .debug_macro   0x000000000001d0ca       0x5b Core/Src/gpio.o
 .debug_macro   0x000000000001d125       0xa5 Core/Src/gpio.o
 .debug_macro   0x000000000001d1ca       0x81 Core/Src/gpio.o
 .debug_macro   0x000000000001d24b       0xd3 Core/Src/gpio.o
 .debug_macro   0x000000000001d31e      0x2fe Core/Src/gpio.o
 .debug_macro   0x000000000001d61c      0xa3d Core/Src/gpio.o
 .debug_macro   0x000000000001e059       0xbb Core/Src/gpio.o
 .debug_macro   0x000000000001e114      0x5a5 Core/Src/gpio.o
 .debug_macro   0x000000000001e6b9       0x44 Core/Src/gpio.o
 .debug_macro   0x000000000001e6fd      0x347 Core/Src/gpio.o
 .debug_macro   0x000000000001ea44       0xac Core/Src/gpio.o
 .debug_macro   0x000000000001eaf0      0x205 Core/Src/i2c.o
 .debug_macro   0x000000000001ecf5      0x393 Core/Src/lcd.o
 .debug_macro   0x000000000001f088       0x52 Core/Src/lcd.o
 .debug_macro   0x000000000001f0da       0x18 Core/Src/lcd.o
 .debug_macro   0x000000000001f0f2       0x3c Core/Src/lcd.o
 .debug_macro   0x000000000001f12e       0x34 Core/Src/lcd.o
 .debug_macro   0x000000000001f162       0x16 Core/Src/lcd.o
 .debug_macro   0x000000000001f178       0x43 Core/Src/lcd.o
 .debug_macro   0x000000000001f1bb       0x34 Core/Src/lcd.o
 .debug_macro   0x000000000001f1ef       0x10 Core/Src/lcd.o
 .debug_macro   0x000000000001f1ff       0x58 Core/Src/lcd.o
 .debug_macro   0x000000000001f257       0x71 Core/Src/lcd.o
 .debug_macro   0x000000000001f2c8       0x1c Core/Src/lcd.o
 .debug_macro   0x000000000001f2e4      0x12a Core/Src/lcd.o
 .debug_macro   0x000000000001f40e      0x333 Core/Src/lcd.o
 .debug_macro   0x000000000001f741       0x10 Core/Src/lcd.o
 .debug_macro   0x000000000001f751       0x35 Core/Src/lcd.o
 .debug_macro   0x000000000001f786       0x20 Core/Src/lcd.o
 .debug_macro   0x000000000001f7a6       0x1c Core/Src/lcd.o
 .debug_macro   0x000000000001f7c2       0x10 Core/Src/lcd.o
 .debug_macro   0x000000000001f7d2       0x10 Core/Src/lcd.o
 .debug_macro   0x000000000001f7e2       0x1c Core/Src/lcd.o
 .debug_macro   0x000000000001f7fe       0x52 Core/Src/lcd.o
 .debug_macro   0x000000000001f850       0x22 Core/Src/lcd.o
 .debug_macro   0x000000000001f872       0x10 Core/Src/lcd.o
 .debug_macro   0x000000000001f882       0x40 Core/Src/lcd.o
 .debug_macro   0x000000000001f8c2       0xd5 Core/Src/lcd.o
 .debug_macro   0x000000000001f997       0x1c Core/Src/lcd.o
 .debug_macro   0x000000000001f9b3       0x3d Core/Src/lcd.o
 .debug_macro   0x000000000001f9f0       0x16 Core/Src/lcd.o
 .debug_macro   0x000000000001fa06      0x145 Core/Src/lcd.o
 .debug_macro   0x000000000001fb4b       0xb2 Core/Src/lcd.o
 .debug_macro   0x000000000001fbfd       0xa0 Core/Src/lcd.o
 .debug_macro   0x000000000001fc9d      0x3d9 Core/Src/main.o
 .debug_macro   0x0000000000020076      0x21d Core/Src/motor.o
 .debug_macro   0x0000000000020293      0x205 Core/Src/spi.o
 .debug_macro   0x0000000000020498      0x1fb Core/Src/stm32f3xx_hal_msp.o
 .debug_macro   0x0000000000020693      0x205 Core/Src/stm32f3xx_it.o
 .debug_macro   0x0000000000020898      0x1ec Core/Src/system_stm32f3xx.o
 .debug_macro   0x0000000000020a84      0x205 Core/Src/tim.o
 .debug_macro   0x0000000000020c89      0x205 Core/Src/usart.o
 .debug_macro   0x0000000000020e8e      0x210 Drivers/STM32F3xx_HAL_Driver/Src/stm32f3xx_hal.o
 .debug_macro   0x000000000002109e      0x1ec Drivers/STM32F3xx_HAL_Driver/Src/stm32f3xx_hal_cortex.o
 .debug_macro   0x000000000002128a      0x1ec Drivers/STM32F3xx_HAL_Driver/Src/stm32f3xx_hal_dma.o
 .debug_macro   0x0000000000021476      0x1f3 Drivers/STM32F3xx_HAL_Driver/Src/stm32f3xx_hal_gpio.o
 .debug_macro   0x0000000000021669      0x2b1 Drivers/STM32F3xx_HAL_Driver/Src/stm32f3xx_hal_i2c.o
 .debug_macro   0x000000000002191a      0x1ec Drivers/STM32F3xx_HAL_Driver/Src/stm32f3xx_hal_i2c_ex.o
 .debug_macro   0x0000000000021b06      0x210 Drivers/STM32F3xx_HAL_Driver/Src/stm32f3xx_hal_rcc.o
 .debug_macro   0x0000000000021d16      0x1ec Drivers/STM32F3xx_HAL_Driver/Src/stm32f3xx_hal_rcc_ex.o
 .debug_macro   0x0000000000021f02      0x1f4 Drivers/STM32F3xx_HAL_Driver/Src/stm32f3xx_hal_spi.o
 .debug_macro   0x00000000000220f6      0x1ed Drivers/STM32F3xx_HAL_Driver/Src/stm32f3xx_hal_tim.o
 .debug_macro   0x00000000000222e3      0x1ec Drivers/STM32F3xx_HAL_Driver/Src/stm32f3xx_hal_tim_ex.o
 .debug_macro   0x00000000000224cf      0x209 Drivers/STM32F3xx_HAL_Driver/Src/stm32f3xx_hal_uart.o
 .debug_macro   0x00000000000226d8      0x1ec Drivers/STM32F3xx_HAL_Driver/Src/stm32f3xx_hal_uart_ex.o

.debug_line     0x0000000000000000    0x19c4d
 .debug_line    0x0000000000000000      0x742 Core/Src/gpio.o
 .debug_line    0x0000000000000742      0x793 Core/Src/i2c.o
 .debug_line    0x0000000000000ed5      0xae9 Core/Src/lcd.o
 .debug_line    0x00000000000019be      0xa5d Core/Src/main.o
 .debug_line    0x000000000000241b      0x8b9 Core/Src/motor.o
 .debug_line    0x0000000000002cd4      0x78f Core/Src/spi.o
 .debug_line    0x0000000000003463      0x717 Core/Src/stm32f3xx_hal_msp.o
 .debug_line    0x0000000000003b7a      0x809 Core/Src/stm32f3xx_it.o
 .debug_line    0x0000000000004383      0x792 Core/Src/system_stm32f3xx.o
 .debug_line    0x0000000000004b15      0x765 Core/Src/tim.o
 .debug_line    0x000000000000527a      0x789 Core/Src/usart.o
 .debug_line    0x0000000000005a03       0x88 Core/Startup/startup_stm32f303retx.o
 .debug_line    0x0000000000005a8b      0x9c2 Drivers/STM32F3xx_HAL_Driver/Src/stm32f3xx_hal.o
 .debug_line    0x000000000000644d      0xc87 Drivers/STM32F3xx_HAL_Driver/Src/stm32f3xx_hal_cortex.o
 .debug_line    0x00000000000070d4      0xcd4 Drivers/STM32F3xx_HAL_Driver/Src/stm32f3xx_hal_dma.o
 .debug_line    0x0000000000007da8      0xb4b Drivers/STM32F3xx_HAL_Driver/Src/stm32f3xx_hal_gpio.o
 .debug_line    0x00000000000088f3     0x32d1 Drivers/STM32F3xx_HAL_Driver/Src/stm32f3xx_hal_i2c.o
 .debug_line    0x000000000000bbc4      0x934 Drivers/STM32F3xx_HAL_Driver/Src/stm32f3xx_hal_i2c_ex.o
 .debug_line    0x000000000000c4f8     0x13b3 Drivers/STM32F3xx_HAL_Driver/Src/stm32f3xx_hal_rcc.o
 .debug_line    0x000000000000d8ab      0xede Drivers/STM32F3xx_HAL_Driver/Src/stm32f3xx_hal_rcc_ex.o
 .debug_line    0x000000000000e789     0x1f3d Drivers/STM32F3xx_HAL_Driver/Src/stm32f3xx_hal_spi.o
 .debug_line    0x00000000000106c6     0x3dd3 Drivers/STM32F3xx_HAL_Driver/Src/stm32f3xx_hal_tim.o
 .debug_line    0x0000000000014499     0x1ae7 Drivers/STM32F3xx_HAL_Driver/Src/stm32f3xx_hal_tim_ex.o
 .debug_line    0x0000000000015f80     0x3154 Drivers/STM32F3xx_HAL_Driver/Src/stm32f3xx_hal_uart.o
 .debug_line    0x00000000000190d4      0xb79 Drivers/STM32F3xx_HAL_Driver/Src/stm32f3xx_hal_uart_ex.o

.debug_str      0x0000000000000000    0xcdcd2
 .debug_str     0x0000000000000000    0xc43ca Core/Src/gpio.o
                                      0xc4a7f (size before relaxing)
 .debug_str     0x00000000000c43ca      0x46a Core/Src/i2c.o
                                      0xc4f38 (size before relaxing)
 .debug_str     0x00000000000c4834     0x437e Core/Src/lcd.o
                                      0xc8dc6 (size before relaxing)
 .debug_str     0x00000000000c8bb2      0xa06 Core/Src/main.o
                                      0xc9cae (size before relaxing)
 .debug_str     0x00000000000c95b8       0x8f Core/Src/motor.o
                                      0xc4ebf (size before relaxing)
 .debug_str     0x00000000000c9647       0x4b Core/Src/spi.o
                                      0xc4e82 (size before relaxing)
 .debug_str     0x00000000000c9692       0x2c Core/Src/stm32f3xx_hal_msp.o
                                      0xc49e2 (size before relaxing)
 .debug_str     0x00000000000c96be       0xcf Core/Src/stm32f3xx_it.o
                                      0xc5171 (size before relaxing)
 .debug_str     0x00000000000c978d       0xbd Core/Src/system_stm32f3xx.o
                                      0xc4800 (size before relaxing)
 .debug_str     0x00000000000c984a      0x3c2 Core/Src/tim.o
                                      0xc53dc (size before relaxing)
 .debug_str     0x00000000000c9c0c       0x57 Core/Src/usart.o
                                      0xc534c (size before relaxing)
 .debug_str     0x00000000000c9c63       0x36 Core/Startup/startup_stm32f303retx.o
                                         0x58 (size before relaxing)
 .debug_str     0x00000000000c9c99      0x2fb Drivers/STM32F3xx_HAL_Driver/Src/stm32f3xx_hal.o
                                      0xc5007 (size before relaxing)
 .debug_str     0x00000000000c9f94      0x3b1 Drivers/STM32F3xx_HAL_Driver/Src/stm32f3xx_hal_cortex.o
                                      0xc5115 (size before relaxing)
 .debug_str     0x00000000000ca345      0x248 Drivers/STM32F3xx_HAL_Driver/Src/stm32f3xx_hal_dma.o
                                      0xc4b7a (size before relaxing)
 .debug_str     0x00000000000ca58d      0x1c3 Drivers/STM32F3xx_HAL_Driver/Src/stm32f3xx_hal_gpio.o
                                      0xc4a23 (size before relaxing)
 .debug_str     0x00000000000ca750      0xdc7 Drivers/STM32F3xx_HAL_Driver/Src/stm32f3xx_hal_i2c.o
                                      0xc5a56 (size before relaxing)
 .debug_str     0x00000000000cb517       0xb8 Drivers/STM32F3xx_HAL_Driver/Src/stm32f3xx_hal_i2c_ex.o
                                      0xc4dc3 (size before relaxing)
 .debug_str     0x00000000000cb5cf      0x2f1 Drivers/STM32F3xx_HAL_Driver/Src/stm32f3xx_hal_rcc.o
                                      0xc4c72 (size before relaxing)
 .debug_str     0x00000000000cb8c0       0xd8 Drivers/STM32F3xx_HAL_Driver/Src/stm32f3xx_hal_rcc_ex.o
                                      0xc4abc (size before relaxing)
 .debug_str     0x00000000000cb998      0x57f Drivers/STM32F3xx_HAL_Driver/Src/stm32f3xx_hal_spi.o
                                      0xc5106 (size before relaxing)
 .debug_str     0x00000000000cbf17      0xe2c Drivers/STM32F3xx_HAL_Driver/Src/stm32f3xx_hal_tim.o
                                      0xc5bc3 (size before relaxing)
 .debug_str     0x00000000000ccd43      0x5af Drivers/STM32F3xx_HAL_Driver/Src/stm32f3xx_hal_tim_ex.o
                                      0xc53c7 (size before relaxing)
 .debug_str     0x00000000000cd2f2      0x842 Drivers/STM32F3xx_HAL_Driver/Src/stm32f3xx_hal_uart.o
                                      0xc547e (size before relaxing)
 .debug_str     0x00000000000cdb34      0x19e Drivers/STM32F3xx_HAL_Driver/Src/stm32f3xx_hal_uart_ex.o
                                      0xc4d68 (size before relaxing)

.comment        0x0000000000000000       0x53
 .comment       0x0000000000000000       0x53 Core/Src/gpio.o
                                         0x54 (size before relaxing)
 .comment       0x0000000000000053       0x54 Core/Src/i2c.o
 .comment       0x0000000000000053       0x54 Core/Src/lcd.o
 .comment       0x0000000000000053       0x54 Core/Src/main.o
 .comment       0x0000000000000053       0x54 Core/Src/motor.o
 .comment       0x0000000000000053       0x54 Core/Src/spi.o
 .comment       0x0000000000000053       0x54 Core/Src/stm32f3xx_hal_msp.o
 .comment       0x0000000000000053       0x54 Core/Src/stm32f3xx_it.o
 .comment       0x0000000000000053       0x54 Core/Src/system_stm32f3xx.o
 .comment       0x0000000000000053       0x54 Core/Src/tim.o
 .comment       0x0000000000000053       0x54 Core/Src/usart.o
 .comment       0x0000000000000053       0x54 Drivers/STM32F3xx_HAL_Driver/Src/stm32f3xx_hal.o
 .comment       0x0000000000000053       0x54 Drivers/STM32F3xx_HAL_Driver/Src/stm32f3xx_hal_cortex.o
 .comment       0x0000000000000053       0x54 Drivers/STM32F3xx_HAL_Driver/Src/stm32f3xx_hal_dma.o
 .comment       0x0000000000000053       0x54 Drivers/STM32F3xx_HAL_Driver/Src/stm32f3xx_hal_gpio.o
 .comment       0x0000000000000053       0x54 Drivers/STM32F3xx_HAL_Driver/Src/stm32f3xx_hal_i2c.o
 .comment       0x0000000000000053       0x54 Drivers/STM32F3xx_HAL_Driver/Src/stm32f3xx_hal_i2c_ex.o
 .comment       0x0000000000000053       0x54 Drivers/STM32F3xx_HAL_Driver/Src/stm32f3xx_hal_rcc.o
 .comment       0x0000000000000053       0x54 Drivers/STM32F3xx_HAL_Driver/Src/stm32f3xx_hal_rcc_ex.o
 .comment       0x0000000000000053       0x54 Drivers/STM32F3xx_HAL_Driver/Src/stm32f3xx_hal_spi.o
 .comment       0x0000000000000053       0x54 Drivers/STM32F3xx_HAL_Driver/Src/stm32f3xx_hal_tim.o
 .comment       0x0000000000000053       0x54 Drivers/STM32F3xx_HAL_Driver/Src/stm32f3xx_hal_tim_ex.o
 .comment       0x0000000000000053       0x54 Drivers/STM32F3xx_HAL_Driver/Src/stm32f3xx_hal_uart.o
 .comment       0x0000000000000053       0x54 Drivers/STM32F3xx_HAL_Driver/Src/stm32f3xx_hal_uart_ex.o

.debug_frame    0x0000000000000000     0x4ea8
 .debug_frame   0x0000000000000000       0x34 Core/Src/gpio.o
 .debug_frame   0x0000000000000034       0x74 Core/Src/i2c.o
 .debug_frame   0x00000000000000a8      0x180 Core/Src/lcd.o
 .debug_frame   0x0000000000000228       0xbc Core/Src/main.o
 .debug_frame   0x00000000000002e4       0xe8 Core/Src/motor.o
 .debug_frame   0x00000000000003cc       0x74 Core/Src/spi.o
 .debug_frame   0x0000000000000440       0x38 Core/Src/stm32f3xx_hal_msp.o
 .debug_frame   0x0000000000000478      0x13c Core/Src/stm32f3xx_it.o
 .debug_frame   0x00000000000005b4       0x58 Core/Src/system_stm32f3xx.o
 .debug_frame   0x000000000000060c       0x74 Core/Src/tim.o
 .debug_frame   0x0000000000000680       0x74 Core/Src/usart.o
 .debug_frame   0x00000000000006f4      0x334 Drivers/STM32F3xx_HAL_Driver/Src/stm32f3xx_hal.o
 .debug_frame   0x0000000000000a28      0x498 Drivers/STM32F3xx_HAL_Driver/Src/stm32f3xx_hal_cortex.o
 .debug_frame   0x0000000000000ec0      0x224 Drivers/STM32F3xx_HAL_Driver/Src/stm32f3xx_hal_dma.o
 .debug_frame   0x00000000000010e4      0x14c Drivers/STM32F3xx_HAL_Driver/Src/stm32f3xx_hal_gpio.o
 .debug_frame   0x0000000000001230      0xbe8 Drivers/STM32F3xx_HAL_Driver/Src/stm32f3xx_hal_i2c.o
 .debug_frame   0x0000000000001e18      0x100 Drivers/STM32F3xx_HAL_Driver/Src/stm32f3xx_hal_i2c_ex.o
 .debug_frame   0x0000000000001f18      0x214 Drivers/STM32F3xx_HAL_Driver/Src/stm32f3xx_hal_rcc.o
 .debug_frame   0x000000000000212c       0xb4 Drivers/STM32F3xx_HAL_Driver/Src/stm32f3xx_hal_rcc_ex.o
 .debug_frame   0x00000000000021e0      0x860 Drivers/STM32F3xx_HAL_Driver/Src/stm32f3xx_hal_spi.o
 .debug_frame   0x0000000000002a40     0x121c Drivers/STM32F3xx_HAL_Driver/Src/stm32f3xx_hal_tim.o
 .debug_frame   0x0000000000003c5c      0x688 Drivers/STM32F3xx_HAL_Driver/Src/stm32f3xx_hal_tim_ex.o
 .debug_frame   0x00000000000042e4      0x9e8 Drivers/STM32F3xx_HAL_Driver/Src/stm32f3xx_hal_uart.o
 .debug_frame   0x0000000000004ccc      0x190 Drivers/STM32F3xx_HAL_Driver/Src/stm32f3xx_hal_uart_ex.o
 .debug_frame   0x0000000000004e5c       0x2c f:/stm32cubeide_1.6.1/stm32cubeide/plugins/com.st.stm32cube.ide.mcu.externaltools.gnu-tools-for-stm32.9-2020-q2-update.win32_1.5.0.202011040924/tools/bin/../lib/gcc/arm-none-eabi/9.3.1/../../../../arm-none-eabi/lib/thumb/v7e-m+fp/hard\libc_nano.a(lib_a-init.o)
 .debug_frame   0x0000000000004e88       0x20 f:/stm32cubeide_1.6.1/stm32cubeide/plugins/com.st.stm32cube.ide.mcu.externaltools.gnu-tools-for-stm32.9-2020-q2-update.win32_1.5.0.202011040924/tools/bin/../lib/gcc/arm-none-eabi/9.3.1/../../../../arm-none-eabi/lib/thumb/v7e-m+fp/hard\libc_nano.a(lib_a-memset.o)
